E:\GIT_REPOSITORY\cus-additionalCIFDetailsCreate_th_expDS-eapi>git add Config/config.yml

E:\GIT_REPOSITORY\cus-additionalCIFDetailsCreate_th_expDS-eapi>git commit
[dev f7e0590] Merge remote-tracking branch 'origin/UAT' into dev

E:\GIT_REPOSITORY\cus-additionalCIFDetailsCreate_th_expDS-eapi>git commit
On branch dev
nothing to commit, working tree clean

E:\GIT_REPOSITORY\cus-additionalCIFDetailsCreate_th_expDS-eapi>
E:\GIT_REPOSITORY\cus-additionalCIFDetailsCreate_th_expDS-eapi>
E:\GIT_REPOSITORY\cus-additionalCIFDetailsCreate_th_expDS-eapi>git branch
* dev

E:\GIT_REPOSITORY\cus-additionalCIFDetailsCreate_th_expDS-eapi>git grep "<<<<"
Config/config.yml:<<<<<<< HEAD
additionalCIFDetailsCreate_th_expDS/Validation.xsd:<<<<<<< HEAD
additionalCIFDetailsCreate_th_expDS/additionalCIFDetailsCreate_th_expDS.subflow:<<<<<<< HEAD
additionalCIFDetailsCreate_th_expDS/disabilityVerificationCreate_expDS_Compute.esql:<<<<<<< HEAD

E:\GIT_REPOSITORY\cus-additionalCIFDetailsCreate_th_expDS-eapi>
