[eisuser@az-rh-uat-01 ~]$ vi config.yml
UAT:
  ApplicationName: thirdPartyAAMAZE_sys
  IntegrationNode:
  IntegrationServer:
  Overrides:
    additionalInstances: 3

SIT:
  ApplicationName: thirdPartyAAMAZE_sys
  IntegrationNode:
  IntegrationServer:
  Overrides:
    additionalInstances: 3

DEV:
  ApplicationName: thirdPartyAAMAZE_sys
  IntegrationNode: PAYMENT_SYS
  IntegrationServer: Payment_S_03
  Deploy: false
  Overrides:
    additionalInstances: 4



[eisuser@az-rh-uat-01 ~]$ yq e '.DEV.Deploy // true' config.yml | tr -d '[:space:]'
true[eisuser@az-rh-uat-01 ~]$
[eisuser@az-rh-uat-01 ~]$ yq e '.DEV.Deploy' config.yml | tr -d '[:space:]'
false[eisuser@az-rh-uat-01 ~]$
[eisuser@az-rh-uat-01 ~]$
[eisuser@az-rh-uat-01 ~]$ yq e '.UAT.Deploy // true' config.yml | tr -d '[:space:]'
true[eisuser@az-rh-uat-01 ~]$ yq e '.UAT.Deploy' config.yml | tr -d '[:space:]'
null[eisuser@az-rh-uat-01 ~]$


[eisuser@az-rh-uat-01 ~]$ yq e 'if .DEV.Deploy == null then true else .DEV.Deploy end' config.yml
Error: 1:1: lexer: invalid input text "if .DEV.Deploy =..."
[eisuser@az-rh-uat-01 ~]$ yq e "if .DEV.Deploy == null then true else .DEV.Deploy end" config.yml
Error: 1:1: lexer: invalid input text "if .DEV.Deploy =..."
[eisuser@az-rh-uat-01 ~]$


DEPLOY=$(yq e '.UAT.Deploy' config.yml | tr -d '[:space:]')
if [ "$DEPLOY" = true ] || [ "$DEPLOY" = "true" ]; then
                DEPLOY="true"
              else
                DEPLOY="false"
              fi
echo "$DEPLOY"
