
podman run -it --entrypoint /bin/bash localhost/app:v1.1
WARN[0000] Failed to mount subscriptions, skipping entry in /usr/share/containers/mounts.conf: getting host subscription data: failed to read subscriptions from "/usr/share/rhel/secrets": open /usr/share/rhel/secrets/redhat.repo: permission denied
bash-5.1# java -version
bash: java: command not found
bash-5.1#
bash-5.1#
bash-5.1# cd /opt/
bash-5.1# ls
bin  conf  legal  lib  release
bash-5.1# pwd
/opt
bash-5.1#




[eisuser@eisuatsftp01 Denny]$ cat Containerfile
FROM rhel:9.6
COPY ./jre25 /opt
COPY ./apiadmin-0.0.1-SNAPSHOT.jar /var
ENV JAVA_HOME="/opt/jre25"
ENV PATH="${JAVA_HOME}/bin:${PATH}"
EXPOSE 8080
CMD ["java","-jar","/var/apiadmin-0.0.1-SNAPSHOT.jar"]
